// 重构日志: cf5ebd09
// 重构日志: 13d1ea23
// 重构日志: 82bbaf36
// 重构日志: 9a403357
// 重构日志: 6dfd58ab
// 同步 ID: ae8cee84 @ Wed Jul 22 16:11:46 UTC 2026
// 重构日志: 55edc410
// 重构日志: e33dffd2
// 同步 ID: c0b76b03 @ Fri Jul 31 01:10:43 UTC 2026
// 重构日志: 9b13aa40
// 重构日志: 6b841baf
// 同步 ID: fb6e494d @ Sun Aug  2 10:43:28 UTC 2026
// 重构日志: 68e5dede
// 重构日志: 4730b917
// 重构日志: f76a71db
// 同步 ID: 2106aa10 @ Tue Aug  4 05:24:15 UTC 2026
// 同步 ID: fa2ec871 @ Tue Aug  4 08:18:38 UTC 2026
// 重构日志: 3b421320
// 同步 ID: 74037c47 @ Tue Aug  4 16:35:43 UTC 2026
// 同步 ID: 58401a86 @ Wed Aug  5 04:01:54 UTC 2026
// 重构日志: 785ab0aa
// 重构日志: 8fb7529e
// 同步 ID: 840546f7 @ Fri Aug  7 12:38:30 UTC 2026
// 重构日志: 90171d5d
// 重构日志: 009bb850
// 重构日志: 16af8875
// 重构日志: 32b72870
// 重构日志: c55706e5
// 重构日志: f75bc149
// 同步 ID: 6c2e3a50 @ Sat Aug  8 18:01:41 UTC 2026
